Microchip MPLAB XC8 Compiler V2.46

Linker command line:

-W-3 \
  --edf=C:\Program Files\Microchip\xc8\v2.46\pic\dat\20240104201356_en.msgs \
  -cn -h+dist/default/production\drivers.production.sym \
  --cmf=dist/default/production\drivers.production.cmf -z -Q18F4620 \
  -oC:\Users\DELLPR~1\AppData\Local\Temp\xcAsk50.\driver_tmp_3.o \
  --defsym=__MPLAB_BUILD=1 --fixupoverflow=error \
  -Mdist/default/production/drivers.production.map \
  --md=C:\Users\DELLPR~1\AppData\Local\Temp\xcAsk50.\driver_tmp_0.dat -E1 \
  -ver=XC8 Compiler --acfsm=1493 -ACODE=00h-0FFFFh -ACONST=00h-0FFFFh \
  -ASMALLCONST=01000h-010FFhx240 -AMEDIUMCONST=01000h-0FFFFh \
  -ACOMRAM=01h-07Fh -AABS1=00h-0F7Fh -ABIGRAM=01h-0F7Fh \
  -ARAM=080h-0FFh,0100h-01FFhx14,0F00h-0F7Fh -ABANK0=080h-0FFh \
  -ABANK1=0100h-01FFh -ABANK2=0200h-02FFh -ABANK3=0300h-03FFh \
  -ABANK4=0400h-04FFh -ABANK5=0500h-05FFh -ABANK6=0600h-06FFh \
  -ABANK7=0700h-07FFh -ABANK8=0800h-08FFh -ABANK9=0900h-09FFh \
  -ABANK10=0A00h-0AFFh -ABANK11=0B00h-0BFFh -ABANK12=0C00h-0CFFh \
  -ABANK13=0D00h-0DFFh -ABANK14=0E00h-0EFFh -ABANK15=0F00h-0F7Fh \
  -ASFR=0F80h-0FFFh -ABIGSFR=0F80h-0FFFh -ACONFIG=0300000h-030000Dh \
  -AIDLOC=0200000h-0200007h -AEEDATA=0F00000h-0F003FFh -peeprom_data=EEDATA \
  -preset_vec=00h,intcode=8h,intcodelo,powerup,init -pramtop=01000h \
  -psmallconst=SMALLCONST -pmediumconst=MEDIUMCONST -pconst=CONST \
  -AFARRAM=00h-00h \
  -prdata=COMRAM,nvrram=COMRAM,nvbit=COMRAM,rbss=COMRAM,rbit=COMRAM \
  -pfarbss=FARRAM,fardata=FARRAM,nvFARRAM=FARRAM \
  -pintsave_regs=BIGRAM,bigbss=BIGRAM,bigdata=BIGRAM -pbss=RAM \
  -pidata=CODE,irdata=CODE,ibigdata=CODE,ifardata=CODE -prparam=COMRAM \
  C:\Users\DELLPR~1\AppData\Local\Temp\xcAsk50.\driver_tmp_9.o \
  dist/default/production\drivers.production.o 

Object code version is 3.11

Machine type is 18F4620



                Name                               Link     Load   Length Selector   Space Scale
C:\Users\DELLPR~1\AppData\Local\Temp\xcAsk50.\driver_tmp_9.o
                idloc                            200000   200000        8        0       5
                config                           300000   300000        E        0       4
                init                                  E        E        4        4       0
                reset_vec                             0        0        4        0       0
dist/default/production\drivers.production.o
                intcode                               8        8        6        4       0
                idloc                            200000   200000        8        0       5
                config                           300000   300000        E        0       4
                temp                                 77       77        1        1       1
                smallconst                         1000     1000       16      800       0
                text22                             1572     1572        4      A51       0
                text21                             156E     156E        4      A51       0
                text20                             156A     156A        4      A51       0
                text19                             157A     157A        2      A51       0
                text18                             1566     1566        4      A51       0
                text17                             1562     1562        4      A51       0
                text16                             155E     155E        4      A51       0
                text15                             155A     155A        4      A51       0
                text14                             1556     1556        4      A51       0
                text13                             1552     1552        4      A51       0
                text12                             1578     1578        2      A51       0
                text11                             14F0     14F0       1A      A51       0
                text10                             14D6     14D6       1A      A51       0
                text9                              14BC     14BC       1A      A51       0
                text8                              14A2     14A2       1A      A51       0
                text7                              152E     152E        C      A51       0
                text6                              1522     1522        C      A51       0
                text5                              1544     1544        8      A51       0
                text4                              1516     1516        C      A51       0
                intcode_body                       1016     1016      406      80B       0
                text2                              1576     1576        2      A51       0
                text1                              154C     154C        6      A51       0
                text0                              150A     150A        C      A51       0
                cstackCOMRAM                         76       76        1        1       1
                dataBANK0                            80       80        A       80       1
                dataCOMRAM                           47       47       2F        1       1
                bssCOMRAM                             1        1       46        1       1
                cinit                              141C     141C       56      80B       0
                idataBANK0                         153A     153A        A      A51       0
                idataCOMRAM                        1472     1472       2F      80B       0

TOTAL           Name                               Link     Load   Length     Space
        CLASS   CODE           
                intcode                               8        8        6         0
                init                                  E        E        4         0
                reset_vec                             0        0        4         0
                text22                             1572     1572        4         0
                text21                             156E     156E        4         0
                text20                             156A     156A        4         0
                text19                             157A     157A        2         0
                text18                             1566     1566        4         0
                text17                             1562     1562        4         0
                text16                             155E     155E        4         0
                text15                             155A     155A        4         0
                text14                             1556     1556        4         0
                text13                             1552     1552        4         0
                text12                             1578     1578        2         0
                text11                             14F0     14F0       1A         0
                text10                             14D6     14D6       1A         0
                text9                              14BC     14BC       1A         0
                text8                              14A2     14A2       1A         0
                text7                              152E     152E        C         0
                text6                              1522     1522        C         0
                text5                              1544     1544        8         0
                text4                              1516     1516        C         0
                intcode_body                       1016     1016      406         0
                text2                              1576     1576        2         0
                text1                              154C     154C        6         0
                text0                              150A     150A        C         0
                cinit                              141C     141C       56         0
                idataBANK0                         153A     153A        A         0
                idataCOMRAM                        1472     1472       2F         0

        CLASS   CONST          

        CLASS   SMALLCONST     
                smallconst                         1000     1000       16         0

        CLASS   MEDIUMCONST    

        CLASS   COMRAM         
                temp                                 77       77        1         1
                cstackCOMRAM                         76       76        1         1
                dataCOMRAM                           47       47       2F         1
                bssCOMRAM                             1        1       46         1

        CLASS   ABS1           

        CLASS   BIGRAM         

        CLASS   RAM            

        CLASS   BANK0          
                dataBANK0                            80       80        A         1

        CLASS   BANK1          

        CLASS   BANK2          

        CLASS   BANK3          

        CLASS   BANK4          

        CLASS   BANK5          

        CLASS   BANK6          

        CLASS   BANK7          

        CLASS   BANK8          

        CLASS   BANK9          

        CLASS   BANK10         

        CLASS   BANK11         

        CLASS   BANK12         

        CLASS   BANK13         

        CLASS   BANK14         

        CLASS   BANK15         

        CLASS   SFR            

        CLASS   BIGSFR         

        CLASS   CONFIG         
                config                           300000   300000        E         4

        CLASS   IDLOC          
                idloc                            200000   200000        8         5

        CLASS   EEDATA         

        CLASS   FARRAM         

        CLASS   HEAP           

        CLASS   STACK          



SEGMENTS        Name                           Load    Length   Top    Selector   Space  Class

                reset_vec                      000000  000004  000004         0       0  CODE    
                bssCOMRAM                      000001  000077  000078         1       1  COMRAM  
                intcode                        000008  00000A  000012         4       0  CODE    
                dataBANK0                      000080  00000A  00008A        80       1  BANK0   
                smallconst                     001000  000016  001016       800       0  SMALLCON
                intcode_body                   001016  00048B  0014A1       80B       0  CODE    
                text8                          0014A2  0000DA  00157C       A51       0  CODE    


UNUSED ADDRESS RANGES

        Name                Unused          Largest block    Delta
        BANK0            00008A-0000FF               76
        BANK1            000100-0001FF              100
        BANK10           000A00-000AFF              100
        BANK11           000B00-000BFF              100
        BANK12           000C00-000CFF              100
        BANK13           000D00-000DFF              100
        BANK14           000E00-000EFF              100
        BANK15           000F00-000F7F               80
        BANK2            000200-0002FF              100
        BANK3            000300-0003FF              100
        BANK4            000400-0004FF              100
        BANK5            000500-0005FF              100
        BANK6            000600-0006FF              100
        BANK7            000700-0007FF              100
        BANK8            000800-0008FF              100
        BANK9            000900-0009FF              100
        BIGRAM           000078-00007F                8
                         00008A-000F7F              EF6
        BIGSFR           000F80-000FFF               80
        CODE             000004-000007                4
                         000012-000FFF              FEE
                         0014A1-0014A1                1
                         00157C-00FFFF             EA84
        COMRAM           000078-00007F                8
        CONST            000004-000007                4
                         000012-000FFF              FEE
                         0014A1-0014A1                1
                         00157C-00FFFF             EA84
        EEDATA           F00000-F003FF              400
        MEDIUMCONST      0014A1-0014A1                1
                         00157C-00FFFF             EA84
        RAM              00008A-000F7F              100
        SFR              000F80-000FFF               80
        SMALLCONST       0014A1-0014A1                1
                         00157C-00FFFF              100

                                  Symbol Table

MSSP_SPI_Msster_Mode_GPIO_PIN_Configurations@F3068 dataCOMRAM   000071
MSSP_SPI_Msster_Mode_GPIO_PIN_Configurations@F3070 dataCOMRAM   000070
MSSP_SPI_Msster_Mode_GPIO_PIN_Configurations@F3072 dataCOMRAM   00006F
MSSP_SPI_Slave_Mode_GPIO_PIN_Configurations@F3077  dataCOMRAM   00006E
MSSP_SPI_Slave_Mode_GPIO_PIN_Configurations@F3079  dataCOMRAM   00006D
MSSP_SPI_Slave_Mode_GPIO_PIN_Configurations@F3081  dataCOMRAM   00006C
MSSP_SPI_Slave_Mode_GPIO_PIN_Configurations@F3083  dataCOMRAM   00006B
RB4_ISR@RB4_Source                                 cstackCOMRAM 000076
RB5_ISR@RB5_Source                                 cstackCOMRAM 000076
RB6_ISR@RB6_Source                                 cstackCOMRAM 000076
RB7_ISR@RB7_Source                                 cstackCOMRAM 000076
_ADCON0bits                                        (abs)        000FC2
_ADCON1bits                                        (abs)        000FC1
_ADCON2bits                                        (abs)        000FC0
_ADC_ISR                                           text22       001572
_ADC_InterruptHandler                              bssCOMRAM    00003D
_ADRESH                                            (abs)        000FC4
_ADRESL                                            (abs)        000FC3
_BAUDCONbits                                       (abs)        000FB8
_CCP1CONbits                                       (abs)        000FBD
_CCP1_ISR                                          text21       00156E
_CCP1_InterruptHandler                             bssCOMRAM    00003B
_CCP2CONbits                                       (abs)        000FBA
_CCP2_ISR                                          text20       00156A
_CCP2_InterruptHandler                             bssCOMRAM    000039
_CCPR1L                                            (abs)        000FBE
_CCPR2L                                            (abs)        000FBB
_EEADR                                             (abs)        000FA9
_EEADRH                                            (abs)        000FAA
_EECON1bits                                        (abs)        000FA6
_EECON2                                            (abs)        000FA7
_EEDATA                                            (abs)        000FA8
_EUSART_FramingErrorHandler                        bssCOMRAM    000009
_EUSART_OverrunErrorHandler                        bssCOMRAM    000007
_EUSART_RX_ISR                                     text19       00157A
_EUSART_RxInterruptHandler                         bssCOMRAM    00000B
_EUSART_TX_ISR                                     text18       001566
_EUSART_TxInterruptHandler                         bssCOMRAM    00000D
_I2C_DefaultInterruptHandle                        bssCOMRAM    000035
_I2C_Report_Receive_Overflow_InterruptHandle       bssCOMRAM    000033
_I2C_Report_Write_Collision_InterruptHandler       bssCOMRAM    000037
_INT0_ISR                                          text17       001562
_INT0_InterruptHandler                             bssCOMRAM    000031
_INT1_ISR                                          text16       00155E
_INT1_InterruptHandler                             bssCOMRAM    00002F
_INT2_ISR                                          text15       00155A
_INT2_InterruptHandler                             bssCOMRAM    00002D
_INTCON2bits                                       (abs)        000FF1
_INTCON3bits                                       (abs)        000FF0
_INTCONbits                                        (abs)        000FF2
_InterruptManager                                  intcode      000008
_LATA                                              (abs)        000F89
_LATB                                              (abs)        000F8A
_LATC                                              (abs)        000F8B
_LATD                                              (abs)        000F8C
_LATE                                              (abs)        000F8D
_MSSP_I2C_BC_ISR                                   text14       001556
_MSSP_I2C_ISR                                      text13       001552
_MSSP_SPI_ISR                                      text12       001578
_PIE1bits                                          (abs)        000F9D
_PIE2bits                                          (abs)        000FA0
_PIR1bits                                          (abs)        000F9E
_PIR2bits                                          (abs)        000FA1
_PORTA                                             (abs)        000F80
_PORTB                                             (abs)        000F81
_PORTBbits                                         (abs)        000F81
_PORTC                                             (abs)        000F82
_PORTD                                             (abs)        000F83
_PORTE                                             (abs)        000F84
_PR2                                               (abs)        000FCB
_RB4_Flag                                          dataCOMRAM   000075
_RB4_ISR                                           text11       0014F0
_RB4_InterruptHandler_HIGH                         bssCOMRAM    00002B
_RB4_InterruptHandler_LOW                          bssCOMRAM    000029
_RB5_Flag                                          dataCOMRAM   000074
_RB5_ISR                                           text10       0014D6
_RB5_InterruptHandler_HIGH                         bssCOMRAM    000027
_RB5_InterruptHandler_LOW                          bssCOMRAM    000025
_RB6_Flag                                          dataCOMRAM   000073
_RB6_ISR                                           text9        0014BC
_RB6_InterruptHandler_HIGH                         bssCOMRAM    000023
_RB6_InterruptHandler_LOW                          bssCOMRAM    000021
_RB7_Flag                                          dataCOMRAM   000072
_RB7_ISR                                           text8        0014A2
_RB7_InterruptHandler_HIGH                         bssCOMRAM    00001F
_RB7_InterruptHandler_LOW                          bssCOMRAM    00001D
_RCREG                                             (abs)        000FAE
_RCSTAbits                                         (abs)        000FAB
_SPBRG                                             (abs)        000FAF
_SPBRGH                                            (abs)        000FB0
_SSPADD                                            (abs)        000FC8
_SSPBUF                                            (abs)        000FC9
_SSPCON1bits                                       (abs)        000FC6
_SSPCON2bits                                       (abs)        000FC5
_SSPSTATbits                                       (abs)        000FC7
_T0CONbits                                         (abs)        000FD5
_T1CONbits                                         (abs)        000FCD
_T2CONbits                                         (abs)        000FCA
_T3CONbits                                         (abs)        000FB1
_TMR0H                                             (abs)        000FD7
_TMR0L                                             (abs)        000FD6
_TMR0_ISR                                          text7        00152E
_TMR0_InterruptHandler                             bssCOMRAM    00001B
_TMR1H                                             (abs)        000FCF
_TMR1L                                             (abs)        000FCE
_TMR1_ISR                                          text6        001522
_TMR1_InterruptHandler                             bssCOMRAM    000017
_TMR2                                              (abs)        000FCC
_TMR2_ISR                                          text5        001544
_TMR2_InterruptHandler                             bssCOMRAM    000013
_TMR3H                                             (abs)        000FB3
_TMR3L                                             (abs)        000FB2
_TMR3_ISR                                          text4        001516
_TMR3_InterruptHandler                             bssCOMRAM    000011
_TRISA                                             (abs)        000F92
_TRISB                                             (abs)        000F93
_TRISC                                             (abs)        000F94
_TRISCbits                                         (abs)        000F94
_TRISD                                             (abs)        000F95
_TRISE                                             (abs)        000F96
_TXREG                                             (abs)        000FAD
_TXSTAbits                                         (abs)        000FAC
__HRAM                                             (abs)        000000
__H__absolute__                                    __absolute__ 000000
__Habs1                                            abs1         000000
__Hbank0                                           bank0        000000
__Hbank1                                           bank1        000000
__Hbank10                                          bank10       000000
__Hbank11                                          bank11       000000
__Hbank12                                          bank12       000000
__Hbank13                                          bank13       000000
__Hbank14                                          bank14       000000
__Hbank15                                          bank15       000000
__Hbank2                                           bank2        000000
__Hbank3                                           bank3        000000
__Hbank4                                           bank4        000000
__Hbank5                                           bank5        000000
__Hbank6                                           bank6        000000
__Hbank7                                           bank7        000000
__Hbank8                                           bank8        000000
__Hbank9                                           bank9        000000
__Hbigbss                                          bigbss       000000
__Hbigdata                                         bigdata      000000
__Hbigram                                          bigram       000000
__Hbigsfr                                          bigsfr       000000
__Hbss                                             bss          000000
__HbssCOMRAM                                       bssCOMRAM    000000
__Hcinit                                           cinit        000000
__Hclrtext                                         clrtext      000000
__Hcomram                                          comram       000000
__Hconfig                                          config       30000E
__Hconst                                           const        000000
__HcstackCOMRAM                                    cstackCOMRAM 000000
__Hdata                                            data         000000
__HdataBANK0                                       dataBANK0    000000
__HdataCOMRAM                                      dataCOMRAM   000000
__Heeprom_data                                     eeprom_data  000000
__Hfarbss                                          farbss       000000
__Hfardata                                         fardata      000000
__Hheap                                            heap         000000
__Hibigdata                                        ibigdata     000000
__Hidata                                           idata        000000
__HidataBANK0                                      idataBANK0   000000
__HidataCOMRAM                                     idataCOMRAM  000000
__Hidloc                                           idloc        200008
__Hifardata                                        ifardata     000000
__Hinit                                            init         000012
__Hintcode                                         intcode      00000E
__Hintcode_body                                    intcode_body 000000
__Hintcodelo                                       intcodelo    00000E
__Hintentry                                        intentry     000000
__Hintret                                          intret       000000
__Hintsave_regs                                    intsave_regs 000000
__Hirdata                                          irdata       000000
__Hmediumconst                                     mediumconst  000000
__HnvFARRAM                                        nvFARRAM     000000
__Hnvbit                                           nvbit        000000
__Hnvrram                                          nvrram       000000
__Hparam                                           rparam       000000
__Hpowerup                                         powerup      00000E
__Hram                                             ram          000000
__Hramtop                                          ramtop       001000
__Hrbit                                            rbit         000000
__Hrbss                                            rbss         000000
__Hrdata                                           rdata        000000
__Hreset_vec                                       reset_vec    000004
__Hrparam                                          rparam       000000
__Hsfr                                             sfr          000000
__Hsivt_hi                                         sivt_hi      000000
__Hsivt_lo                                         sivt_lo      000000
__Hsmallconst                                      smallconst   001016
__Hspace_0                                         (abs)        00157C
__Hspace_1                                         (abs)        00008A
__Hspace_2                                         (abs)        000000
__Hspace_4                                         (abs)        60000E
__Hstack                                           stack        000000
__Hstruct                                          struct       000000
__Htemp                                            temp         000078
__Htext                                            text         000000
__Htext0                                           text0        000000
__Htext1                                           text1        000000
__Htext10                                          text10       000000
__Htext11                                          text11       000000
__Htext12                                          text12       000000
__Htext13                                          text13       000000
__Htext14                                          text14       000000
__Htext15                                          text15       000000
__Htext16                                          text16       000000
__Htext17                                          text17       000000
__Htext18                                          text18       000000
__Htext19                                          text19       000000
__Htext2                                           text2        000000
__Htext20                                          text20       000000
__Htext21                                          text21       000000
__Htext22                                          text22       000000
__Htext4                                           text4        000000
__Htext5                                           text5        000000
__Htext6                                           text6        000000
__Htext7                                           text7        000000
__Htext8                                           text8        000000
__Htext9                                           text9        000000
__LRAM                                             (abs)        000001
__L__absolute__                                    __absolute__ 000000
__Labs1                                            abs1         000000
__Lbank0                                           bank0        000000
__Lbank1                                           bank1        000000
__Lbank10                                          bank10       000000
__Lbank11                                          bank11       000000
__Lbank12                                          bank12       000000
__Lbank13                                          bank13       000000
__Lbank14                                          bank14       000000
__Lbank15                                          bank15       000000
__Lbank2                                           bank2        000000
__Lbank3                                           bank3        000000
__Lbank4                                           bank4        000000
__Lbank5                                           bank5        000000
__Lbank6                                           bank6        000000
__Lbank7                                           bank7        000000
__Lbank8                                           bank8        000000
__Lbank9                                           bank9        000000
__Lbigbss                                          bigbss       000000
__Lbigdata                                         bigdata      000000
__Lbigram                                          bigram       000000
__Lbigsfr                                          bigsfr       000000
__Lbss                                             bss          000000
__LbssCOMRAM                                       bssCOMRAM    000000
__Lcinit                                           cinit        000000
__Lclrtext                                         clrtext      000000
__Lcomram                                          comram       000000
__Lconfig                                          config       000000
__Lconst                                           const        000000
__LcstackCOMRAM                                    cstackCOMRAM 000000
__Ldata                                            data         000000
__LdataBANK0                                       dataBANK0    000000
__LdataCOMRAM                                      dataCOMRAM   000000
__Leeprom_data                                     eeprom_data  000000
__Lfarbss                                          farbss       000000
__Lfardata                                         fardata      000000
__Lheap                                            heap         000000
__Libigdata                                        ibigdata     000000
__Lidata                                           idata        000000
__LidataBANK0                                      idataBANK0   000000
__LidataCOMRAM                                     idataCOMRAM  000000
__Lidloc                                           idloc        000000
__Lifardata                                        ifardata     000000
__Linit                                            init         00000E
__Lintcode                                         intcode      000008
__Lintcode_body                                    intcode_body 000000
__Lintcodelo                                       intcodelo    00000E
__Lintentry                                        intentry     000000
__Lintret                                          intret       000000
__Lintsave_regs                                    intsave_regs 000000
__Lirdata                                          irdata       000000
__Lmediumconst                                     mediumconst  000000
__LnvFARRAM                                        nvFARRAM     000000
__Lnvbit                                           nvbit        000000
__Lnvrram                                          nvrram       000000
__Lparam                                           rparam       000000
__Lpowerup                                         powerup      00000E
__Lram                                             ram          000000
__Lramtop                                          ramtop       001000
__Lrbit                                            rbit         000000
__Lrbss                                            rbss         000000
__Lrdata                                           rdata        000000
__Lreset_vec                                       reset_vec    000000
__Lrparam                                          rparam       000000
__Lsfr                                             sfr          000000
__Lsivt_hi                                         sivt_hi      000000
__Lsivt_lo                                         sivt_lo      000000
__Lsmallconst                                      smallconst   001000
__Lspace_0                                         (abs)        000000
__Lspace_1                                         (abs)        000000
__Lspace_2                                         (abs)        000000
__Lspace_4                                         (abs)        000000
__Lstack                                           stack        000000
__Lstruct                                          struct       000000
__Ltemp                                            temp         000077
__Ltext                                            text         000000
__Ltext0                                           text0        000000
__Ltext1                                           text1        000000
__Ltext10                                          text10       000000
__Ltext11                                          text11       000000
__Ltext12                                          text12       000000
__Ltext13                                          text13       000000
__Ltext14                                          text14       000000
__Ltext15                                          text15       000000
__Ltext16                                          text16       000000
__Ltext17                                          text17       000000
__Ltext18                                          text18       000000
__Ltext19                                          text19       000000
__Ltext2                                           text2        000000
__Ltext20                                          text20       000000
__Ltext21                                          text21       000000
__Ltext22                                          text22       000000
__Ltext4                                           text4        000000
__Ltext5                                           text5        000000
__Ltext6                                           text6        000000
__Ltext7                                           text7        000000
__Ltext8                                           text8        000000
__Ltext9                                           text9        000000
__S0                                               (abs)        00157C
__S1                                               (abs)        00008A
__S4                                               (abs)        000000
__S5                                               (abs)        000000
___heap_hi                                         (abs)        000000
___heap_lo                                         (abs)        000000
___inthi_sp                                        stack        000000
___inthi_stack_hi                                  stack        000000
___inthi_stack_lo                                  stack        000000
___intlo_sp                                        stack        000000
___intlo_stack_hi                                  stack        000000
___intlo_stack_lo                                  stack        000000
___param_bank                                      (abs)        000000
___rparam_used                                     (abs)        000001
___sp                                              stack        000000
___stack_hi                                        stack        000000
___stack_lo                                        stack        000000
__accesstop                                        (abs)        000080
__activetblptr                                     (abs)        000003
__end_of_ADC_ISR                                   text22       001576
__end_of_CCP1_ISR                                  text21       001572
__end_of_CCP2_ISR                                  text20       00156E
__end_of_EUSART_RX_ISR                             text19       00157C
__end_of_EUSART_TX_ISR                             text18       00156A
__end_of_INT0_ISR                                  text17       001566
__end_of_INT1_ISR                                  text16       001562
__end_of_INT2_ISR                                  text15       00155E
__end_of_InterruptManager                          intcode_body 00141C
__end_of_MSSP_I2C_BC_ISR                           text14       00155A
__end_of_MSSP_I2C_ISR                              text13       001556
__end_of_MSSP_SPI_ISR                              text12       00157A
__end_of_RB4_ISR                                   text11       00150A
__end_of_RB5_ISR                                   text10       0014F0
__end_of_RB6_ISR                                   text9        0014D6
__end_of_RB7_ISR                                   text8        0014BC
__end_of_TMR0_ISR                                  text7        00153A
__end_of_TMR1_ISR                                  text6        00152E
__end_of_TMR2_ISR                                  text5        00154C
__end_of_TMR3_ISR                                  text4        001522
__end_of__initialization                           cinit        001468
__end_of_application_intialize                     text1        001552
__end_of_btn_values                                smallconst   001011
__end_of_ecu_layer_intialize                       text2        001578
__end_of_main                                      text0        001516
__initialization                                   cinit        00141C
__mediumconst                                      mediumconst  000000
__pbssCOMRAM                                       bssCOMRAM    000001
__pcinit                                           cinit        00141C
__pcstackCOMRAM                                    cstackCOMRAM 000076
__pdataBANK0                                       dataBANK0    000080
__pdataCOMRAM                                      dataCOMRAM   000047
__pidataBANK0                                      idataBANK0   00153A
__pidataCOMRAM                                     idataCOMRAM  001472
__pintcode                                         intcode      000008
__pintcode_body                                    intcode_body 001016
__psmallconst                                      smallconst   001000
__ptext0                                           text0        00150A
__ptext1                                           text1        00154C
__ptext10                                          text10       0014D6
__ptext11                                          text11       0014F0
__ptext12                                          text12       001578
__ptext13                                          text13       001552
__ptext14                                          text14       001556
__ptext15                                          text15       00155A
__ptext16                                          text16       00155E
__ptext17                                          text17       001562
__ptext18                                          text18       001566
__ptext19                                          text19       00157A
__ptext2                                           text2        001576
__ptext20                                          text20       00156A
__ptext21                                          text21       00156E
__ptext22                                          text22       001572
__ptext4                                           text4        001516
__ptext5                                           text5        001544
__ptext6                                           text6        001522
__ptext7                                           text7        00152E
__ptext8                                           text8        0014A2
__ptext9                                           text9        0014BC
__ramtop                                           ramtop       001000
__smallconst                                       smallconst   001000
_application_intialize                             text1        00154C
_btn_values                                        smallconst   001001
_ecu_layer_intialize                               text2        001576
_lat_registers                                     dataCOMRAM   000051
_lcd_1                                             dataCOMRAM   000065
_lcd_2                                             dataBANK0    000080
_main                                              text0        00150A
_port_registers                                    dataCOMRAM   000047
_timer0_preload                                    bssCOMRAM    000019
_timer1_preload                                    bssCOMRAM    000015
_timer2_preload                                    bssCOMRAM    00003F
_timer3_preload                                    bssCOMRAM    00000F
_tris_registers                                    dataCOMRAM   00005B
btemp                                              temp         000077
end_of_initialization                              cinit        001468
int$flags                                          temp         000077
int_func                                           intcode_body 001016
intlevel0                                          text         000000
intlevel1                                          text         000000
intlevel2                                          text         000000
intlevel3                                          text         000000
isa$std                                            (abs)        000001
isa$xinst                                          (abs)        000000
led_initialize@F3026                               bssCOMRAM    000046
led_turn_off@F3036                                 bssCOMRAM    000044
led_turn_on@F3031                                  bssCOMRAM    000045
led_turn_toggle@F3041                              bssCOMRAM    000043
relay_initialize@F3020                             bssCOMRAM    000042
relay_turn_off@F3030                               bssCOMRAM    000040
relay_turn_on@F3025                                bssCOMRAM    000041
stackhi                                            (abs)        000000
stacklo                                            (abs)        000000
start                                              init         00000E
start_initialization                               cinit        00141C
ttemp5                                             temp         000078
ttemp6                                             temp         00007B
ttemp7                                             temp         00007F
wtemp8                                             temp         000078


MODULE INFORMATION

Module		Function		Class		Link	Load	Size
MCAL_Layer/Timer2/hal_timr2.c
		_TMR2_ISR      		CODE           	1544	0000	8

MCAL_Layer/Timer2/hal_timr2.c estimated size: 8

MCAL_Layer/Timer0/hal_timr0.c
		_TMR0_ISR      		CODE           	152E	0000	12

MCAL_Layer/Timer0/hal_timr0.c estimated size: 12

MCAL_Layer/SPI/hal_spi.c
		_MSSP_SPI_ISR  		CODE           	1578	0000	2

MCAL_Layer/SPI/hal_spi.c estimated size: 2

MCAL_Layer/I2C/hal_i2c.c
		_MSSP_I2C_ISR  		CODE           	1552	0000	4
		_MSSP_I2C_BC_ISR		CODE           	1556	0000	4

MCAL_Layer/I2C/hal_i2c.c estimated size: 8

MCAL_Layer/usart/hal_usart.c
		_EUSART_RX_ISR 		CODE           	157A	0000	2
		_EUSART_TX_ISR 		CODE           	1566	0000	4

MCAL_Layer/usart/hal_usart.c estimated size: 6

MCAL_Layer/Timer3/hal_timr3.c
		_TMR3_ISR      		CODE           	1516	0000	12

MCAL_Layer/Timer3/hal_timr3.c estimated size: 12

shared
		_btn_values    		SMALLCONST     	1001	0000	16
		__initialization		CODE           	141C	0000	76

shared estimated size: 92

MCAL_Layer/Interrupt/mcal_external_interrupt.c
		_RB4_ISR       		CODE           	14F0	0000	26
		_RB5_ISR       		CODE           	14D6	0000	26
		_RB6_ISR       		CODE           	14BC	0000	26
		_RB7_ISR       		CODE           	14A2	0000	26
		_INT0_ISR      		CODE           	1562	0000	4
		_INT1_ISR      		CODE           	155E	0000	4
		_INT2_ISR      		CODE           	155A	0000	4

MCAL_Layer/Interrupt/mcal_external_interrupt.c estimated size: 116

MCAL_Layer/ADC/hal_adc.c
		_ADC_ISR       		CODE           	1572	0000	4

MCAL_Layer/ADC/hal_adc.c estimated size: 4

MCAL_Layer/Interrupt/mcal_interrupt_manager.c
		_InterruptManager		CODE           	0008	0000	1036

MCAL_Layer/Interrupt/mcal_interrupt_manager.c estimated size: 1036

MCAL_Layer/Timer1/hal_timr1.c
		_TMR1_ISR      		CODE           	1522	0000	12

MCAL_Layer/Timer1/hal_timr1.c estimated size: 12

ECU_Layer/ecu_layer_init.c
		_ecu_layer_intialize		CODE           	1576	0000	2

ECU_Layer/ecu_layer_init.c estimated size: 2

application.c
		_main          		CODE           	150A	0000	12
		_application_intialize		CODE           	154C	0000	6

application.c estimated size: 18

MCAL_Layer/CCP/hal_ccp.c
		_CCP1_ISR      		CODE           	156E	0000	4
		_CCP2_ISR      		CODE           	156A	0000	4

MCAL_Layer/CCP/hal_ccp.c estimated size: 8

