Microchip MPLAB XC8 Compiler V2.46

Linker command line:

-W-3 \
  --edf=C:\Program Files\Microchip\xc8\v2.46\pic\dat\20240104201356_en.msgs \
  -cn -h+dist/default/production\Embedded_Drivers.production.sym \
  --cmf=dist/default/production\Embedded_Drivers.production.cmf -z \
  -Q18F4620 -oC:\Users\DELLPR~1\AppData\Local\Temp\xcAs6m0.\driver_tmp_3.o \
  --defsym=__MPLAB_BUILD=1 --fixupoverflow=error \
  -Mdist/default/production/Embedded_Drivers.production.map \
  --md=C:\Users\DELLPR~1\AppData\Local\Temp\xcAs6m0.\driver_tmp_0.dat -E1 \
  -ver=XC8 Compiler --acfsm=1493 -ACODE=00h-0FFFFh -ACONST=00h-0FFFFh \
  -ASMALLCONST=01000h-010FFhx240 -AMEDIUMCONST=01000h-0FFFFh \
  -ACOMRAM=01h-07Fh -AABS1=00h-0F7Fh -ABIGRAM=01h-0F7Fh \
  -ARAM=080h-0FFh,0100h-01FFhx14,0F00h-0F7Fh -ABANK0=080h-0FFh \
  -ABANK1=0100h-01FFh -ABANK2=0200h-02FFh -ABANK3=0300h-03FFh \
  -ABANK4=0400h-04FFh -ABANK5=0500h-05FFh -ABANK6=0600h-06FFh \
  -ABANK7=0700h-07FFh -ABANK8=0800h-08FFh -ABANK9=0900h-09FFh \
  -ABANK10=0A00h-0AFFh -ABANK11=0B00h-0BFFh -ABANK12=0C00h-0CFFh \
  -ABANK13=0D00h-0DFFh -ABANK14=0E00h-0EFFh -ABANK15=0F00h-0F7Fh \
  -ASFR=0F80h-0FFFh -ABIGSFR=0F80h-0FFFh -ACONFIG=0300000h-030000Dh \
  -AIDLOC=0200000h-0200007h -AEEDATA=0F00000h-0F003FFh -peeprom_data=EEDATA \
  -preset_vec=00h,intcode=8h,intcodelo,powerup,init -pramtop=01000h \
  -psmallconst=SMALLCONST -pmediumconst=MEDIUMCONST -pconst=CONST \
  -AFARRAM=00h-00h \
  -prdata=COMRAM,nvrram=COMRAM,nvbit=COMRAM,rbss=COMRAM,rbit=COMRAM \
  -pfarbss=FARRAM,fardata=FARRAM,nvFARRAM=FARRAM \
  -pintsave_regs=BIGRAM,bigbss=BIGRAM,bigdata=BIGRAM -pbss=RAM \
  -pidata=CODE,irdata=CODE,ibigdata=CODE,ifardata=CODE -prparam=COMRAM \
  C:\Users\DELLPR~1\AppData\Local\Temp\xcAs6m0.\driver_tmp_9.o \
  dist/default/production\Embedded_Drivers.production.o 

Object code version is 3.11

Machine type is 18F4620



                Name                               Link     Load   Length Selector   Space Scale
C:\Users\DELLPR~1\AppData\Local\Temp\xcAs6m0.\driver_tmp_9.o
                idloc                            200000   200000        8        0       5
                config                           300000   300000        E        0       4
                init                                  E        E        4        4       0
                reset_vec                             0        0        4        0       0
dist/default/production\Embedded_Drivers.production.o
                intcode                               8        8        6        4       0
                idloc                            200000   200000        8        0       5
                config                           300000   300000        E        0       4
                temp                                 7E       7E        1        1       1
                smallconst                         1000     1000       16      800       0
                text34                             23CA     23CA        4     11C9       0
                text33                             23C6     23C6        4     11C9       0
                text32                             23C2     23C2        4     11C9       0
                text31                             23D0     23D0        2     11C9       0
                text30                             23BE     23BE        4     11C9       0
                text29                             23BA     23BA        4     11C9       0
                text28                             23B6     23B6        4     11C9       0
                text27                             23B2     23B2        4     11C9       0
                text26                             23AE     23AE        4     11C9       0
                text25                             23AA     23AA        4     11C9       0
                text24                             23A6     23A6        4     11C9       0
                text23                             2348     2348       1A      80B       0
                text22                             232E     232E       1A      80B       0
                text21                             2314     2314       1A      80B       0
                text20                             22FA     22FA       1A      80B       0
                text19                             237A     237A        C      80B       0
                text18                             236E     236E        C      80B       0
                text17                             2392     2392        8     11C9       0
                text16                             2362     2362        C      80B       0
                intcode_body                       14D6     14D6      406      80B       0
                text14                             1016     1016      4C0      80B       0
                text13                             18DC     18DC      39A      80B       0
                text12                             1F5A     1F5A      106      80B       0
                text11                             1C76     1C76      1B4      80B       0
                text10                             2060     2060       96      80B       0
                text9                              22E0     22E0       1A      80B       0
                text8                              21CC     21CC       44      80B       0
                text7                              23A0     23A0        6     11C9       0
                text6                              1E2A     1E2A      130      80B       0
                text5                              2290     2290       32      80B       0
                text4                              2250     2250       40      80B       0
                text3                              2210     2210       40      80B       0
                text2                              23CE     23CE        2     11C9       0
                text1                              239A     239A        6     11C9       0
                text0                              20F6     20F6       74      80B       0
                cstackCOMRAM                          1        1       48        1       1
                dataBANK0                            AD       AD       1E       80       1
                bssBANK0                             80       80       2D       80       1
                dataCOMRAM                           73       73        B        1       1
                bssCOMRAM                            49       49       2A        1       1
                cinit                              216A     216A       62      80B       0
                idataBANK0                         22C2     22C2       1E      80B       0
                idataCOMRAM                        2386     2386        B      80B       0

TOTAL           Name                               Link     Load   Length     Space
        CLASS   CODE           
                intcode                               8        8        6         0
                init                                  E        E        4         0
                reset_vec                             0        0        4         0
                text34                             23CA     23CA        4         0
                text33                             23C6     23C6        4         0
                text32                             23C2     23C2        4         0
                text31                             23D0     23D0        2         0
                text30                             23BE     23BE        4         0
                text29                             23BA     23BA        4         0
                text28                             23B6     23B6        4         0
                text27                             23B2     23B2        4         0
                text26                             23AE     23AE        4         0
                text25                             23AA     23AA        4         0
                text24                             23A6     23A6        4         0
                text23                             2348     2348       1A         0
                text22                             232E     232E       1A         0
                text21                             2314     2314       1A         0
                text20                             22FA     22FA       1A         0
                text19                             237A     237A        C         0
                text18                             236E     236E        C         0
                text17                             2392     2392        8         0
                text16                             2362     2362        C         0
                intcode_body                       14D6     14D6      406         0
                text14                             1016     1016      4C0         0
                text13                             18DC     18DC      39A         0
                text12                             1F5A     1F5A      106         0
                text11                             1C76     1C76      1B4         0
                text10                             2060     2060       96         0
                text9                              22E0     22E0       1A         0
                text8                              21CC     21CC       44         0
                text7                              23A0     23A0        6         0
                text6                              1E2A     1E2A      130         0
                text5                              2290     2290       32         0
                text4                              2250     2250       40         0
                text3                              2210     2210       40         0
                text2                              23CE     23CE        2         0
                text1                              239A     239A        6         0
                text0                              20F6     20F6       74         0
                cinit                              216A     216A       62         0
                idataBANK0                         22C2     22C2       1E         0
                idataCOMRAM                        2386     2386        B         0

        CLASS   CONST          

        CLASS   SMALLCONST     
                smallconst                         1000     1000       16         0

        CLASS   MEDIUMCONST    

        CLASS   COMRAM         
                temp                                 7E       7E        1         1
                cstackCOMRAM                          1        1       48         1
                dataCOMRAM                           73       73        B         1
                bssCOMRAM                            49       49       2A         1

        CLASS   ABS1           

        CLASS   BIGRAM         

        CLASS   RAM            

        CLASS   BANK0          
                dataBANK0                            AD       AD       1E         1
                bssBANK0                             80       80       2D         1

        CLASS   BANK1          

        CLASS   BANK2          

        CLASS   BANK3          

        CLASS   BANK4          

        CLASS   BANK5          

        CLASS   BANK6          

        CLASS   BANK7          

        CLASS   BANK8          

        CLASS   BANK9          

        CLASS   BANK10         

        CLASS   BANK11         

        CLASS   BANK12         

        CLASS   BANK13         

        CLASS   BANK14         

        CLASS   BANK15         

        CLASS   SFR            

        CLASS   BIGSFR         

        CLASS   CONFIG         
                config                           300000   300000        E         4

        CLASS   IDLOC          
                idloc                            200000   200000        8         5

        CLASS   EEDATA         

        CLASS   FARRAM         

        CLASS   HEAP           

        CLASS   STACK          



SEGMENTS        Name                           Load    Length   Top    Selector   Space  Class

                reset_vec                      000000  000004  000004         0       0  CODE    
                cstackCOMRAM                   000001  00007E  00007F         1       1  COMRAM  
                intcode                        000008  00000A  000012         4       0  CODE    
                bssBANK0                       000080  00004B  0000CB        80       1  BANK0   
                smallconst                     001000  000016  001016       800       0  SMALLCON
                text14                         001016  00137B  002391       80B       0  CODE    
                text17                         002392  000040  0023D2      11C9       0  CODE    


UNUSED ADDRESS RANGES

        Name                Unused          Largest block    Delta
        BANK0            0000CB-0000FF               35
        BANK1            000100-0001FF              100
        BANK10           000A00-000AFF              100
        BANK11           000B00-000BFF              100
        BANK12           000C00-000CFF              100
        BANK13           000D00-000DFF              100
        BANK14           000E00-000EFF              100
        BANK15           000F00-000F7F               80
        BANK2            000200-0002FF              100
        BANK3            000300-0003FF              100
        BANK4            000400-0004FF              100
        BANK5            000500-0005FF              100
        BANK6            000600-0006FF              100
        BANK7            000700-0007FF              100
        BANK8            000800-0008FF              100
        BANK9            000900-0009FF              100
        BIGRAM           00007F-00007F                1
                         0000CB-000F7F              EB5
        BIGSFR           000F80-000FFF               80
        CODE             000004-000007                4
                         000012-000FFF              FEE
                         002391-002391                1
                         0023D2-00FFFF             DC2E
        COMRAM           00007F-00007F                1
        CONST            000004-000007                4
                         000012-000FFF              FEE
                         002391-002391                1
                         0023D2-00FFFF             DC2E
        EEDATA           F00000-F003FF              400
        MEDIUMCONST      002391-002391                1
                         0023D2-00FFFF             DC2E
        RAM              0000CB-000F7F              100
        SFR              000F80-000FFF               80
        SMALLCONST       002391-002391                1
                         0023D2-00FFFF              100

                                  Symbol Table

?___fladd                                          cstackCOMRAM 000029
?___fldiv                                          cstackCOMRAM 000010
?___fltol                                          cstackCOMRAM 000039
?___xxtofl                                         cstackCOMRAM 000002
I2C_Master_Mode_Clock_Configurations@i2c_obj       cstackCOMRAM 000043
I2C_Slave_Mode_Configurations@i2c_obj              cstackCOMRAM 000002
MSSP_I2C_Init@i2c_obj                              cstackCOMRAM 000045
MSSP_I2C_Init@ret                                  cstackCOMRAM 000046
MSSP_I2C_Interrupt_Configurations@i2c_obj          cstackCOMRAM 000002
MSSP_I2C_Master_Send_Repeated_Start@i2c_obj        cstackCOMRAM 000002
MSSP_I2C_Master_Send_Repeated_Start@ret            cstackCOMRAM 000003
MSSP_I2C_Master_Send_Start@i2c_obj                 cstackCOMRAM 000002
MSSP_I2C_Master_Send_Start@ret                     cstackCOMRAM 000003
MSSP_I2C_Master_Send_Stop@i2c_obj                  cstackCOMRAM 000002
MSSP_I2C_Master_Send_Stop@ret                      cstackCOMRAM 000003
MSSP_SPI_Msster_Mode_GPIO_PIN_Configurations@F3078 dataCOMRAM   000079
MSSP_SPI_Msster_Mode_GPIO_PIN_Configurations@F3080 dataCOMRAM   000078
MSSP_SPI_Msster_Mode_GPIO_PIN_Configurations@F3082 dataCOMRAM   000077
MSSP_SPI_Slave_Mode_GPIO_PIN_Configurations@F3087  dataCOMRAM   000076
MSSP_SPI_Slave_Mode_GPIO_PIN_Configurations@F3089  dataCOMRAM   000075
MSSP_SPI_Slave_Mode_GPIO_PIN_Configurations@F3091  dataCOMRAM   000074
MSSP_SPI_Slave_Mode_GPIO_PIN_Configurations@F3093  dataCOMRAM   000073
RB4_ISR@RB4_Source                                 cstackCOMRAM 000001
RB5_ISR@RB5_Source                                 cstackCOMRAM 000001
RB6_ISR@RB6_Source                                 cstackCOMRAM 000001
RB7_ISR@RB7_Source                                 cstackCOMRAM 000001
_ADCON0bits                                        (abs)        000FC2
_ADCON1bits                                        (abs)        000FC1
_ADCON2bits                                        (abs)        000FC0
_ADC_ISR                                           text34       0023CA
_ADC_InterruptHandler                              bssCOMRAM    000069
_ADRESH                                            (abs)        000FC4
_ADRESL                                            (abs)        000FC3
_BAUDCONbits                                       (abs)        000FB8
_CCP1CONbits                                       (abs)        000FBD
_CCP1_ISR                                          text33       0023C6
_CCP1_InterruptHandler                             bssCOMRAM    000067
_CCP2CONbits                                       (abs)        000FBA
_CCP2_ISR                                          text32       0023C2
_CCP2_InterruptHandler                             bssCOMRAM    000065
_CCPR1L                                            (abs)        000FBE
_CCPR2L                                            (abs)        000FBB
_EEADR                                             (abs)        000FA9
_EEADRH                                            (abs)        000FAA
_EECON1bits                                        (abs)        000FA6
_EECON2                                            (abs)        000FA7
_EEDATA                                            (abs)        000FA8
_EUSART_FramingErrorHandler                        bssBANK0     000088
_EUSART_OverrunErrorHandler                        bssBANK0     000086
_EUSART_RX_ISR                                     text31       0023D0
_EUSART_RxInterruptHandler                         bssBANK0     00008A
_EUSART_TX_ISR                                     text30       0023BE
_EUSART_TxInterruptHandler                         bssBANK0     00008C
_I2C_DefaultInterruptHandle                        bssCOMRAM    000061
_I2C_Master_Mode_Clock_Configurations              text10       002060
_I2C_Report_Receive_Overflow_InterruptHandle       bssBANK0     00009C
_I2C_Report_Write_Collision_InterruptHandler       bssCOMRAM    000063
_I2C_Slave_Mode_Configurations                     text9        0022E0
_INT0_ISR                                          text29       0023BA
_INT0_InterruptHandler                             bssCOMRAM    00005F
_INT1_ISR                                          text28       0023B6
_INT1_InterruptHandler                             bssCOMRAM    00005D
_INT2_ISR                                          text27       0023B2
_INT2_InterruptHandler                             bssCOMRAM    00005B
_INTCON2bits                                       (abs)        000FF1
_INTCON3bits                                       (abs)        000FF0
_INTCONbits                                        (abs)        000FF2
_InterruptManager                                  intcode      000008
_LATA                                              (abs)        000F89
_LATB                                              (abs)        000F8A
_LATC                                              (abs)        000F8B
_LATD                                              (abs)        000F8C
_LATE                                              (abs)        000F8D
_MSSP_I2C_BC_ISR                                   text26       0023AE
_MSSP_I2C_ISR                                      text25       0023AA
_MSSP_I2C_Init                                     text6        001E2A
_MSSP_I2C_Interrupt_Configurations                 text8        0021CC
_MSSP_I2C_Master_Send_Repeated_Start               text5        002290
_MSSP_I2C_Master_Send_Start                        text4        002250
_MSSP_I2C_Master_Send_Stop                         text3        002210
_MSSP_I2C_Mode_GPIO_CFG                            text7        0023A0
_MSSP_SPI_ISR                                      text24       0023A6
_PIE1bits                                          (abs)        000F9D
_PIE2bits                                          (abs)        000FA0
_PIR1bits                                          (abs)        000F9E
_PIR2bits                                          (abs)        000FA1
_PORTA                                             (abs)        000F80
_PORTB                                             (abs)        000F81
_PORTBbits                                         (abs)        000F81
_PORTC                                             (abs)        000F82
_PORTD                                             (abs)        000F83
_PORTE                                             (abs)        000F84
_PR2                                               (abs)        000FCB
_RB4_Flag                                          dataCOMRAM   00007D
_RB4_ISR                                           text23       002348
_RB4_InterruptHandler_HIGH                         bssCOMRAM    000059
_RB4_InterruptHandler_LOW                          bssCOMRAM    000057
_RB5_Flag                                          dataCOMRAM   00007C
_RB5_ISR                                           text22       00232E
_RB5_InterruptHandler_HIGH                         bssCOMRAM    000055
_RB5_InterruptHandler_LOW                          bssCOMRAM    000053
_RB6_Flag                                          dataCOMRAM   00007B
_RB6_ISR                                           text21       002314
_RB6_InterruptHandler_HIGH                         bssCOMRAM    000051
_RB6_InterruptHandler_LOW                          bssCOMRAM    00004F
_RB7_Flag                                          dataCOMRAM   00007A
_RB7_ISR                                           text20       0022FA
_RB7_InterruptHandler_HIGH                         bssBANK0     00009A
_RB7_InterruptHandler_LOW                          bssBANK0     000098
_RCREG                                             (abs)        000FAE
_RCSTAbits                                         (abs)        000FAB
_SPBRG                                             (abs)        000FAF
_SPBRGH                                            (abs)        000FB0
_SPI_InterruptHandler                              bssBANK0     000096
_SSPADD                                            (abs)        000FC8
_SSPBUF                                            (abs)        000FC9
_SSPCON1bits                                       (abs)        000FC6
_SSPCON2bits                                       (abs)        000FC5
_SSPSTATbits                                       (abs)        000FC7
_T0CONbits                                         (abs)        000FD5
_T1CONbits                                         (abs)        000FCD
_T2CONbits                                         (abs)        000FCA
_T3CONbits                                         (abs)        000FB1
_TMR0H                                             (abs)        000FD7
_TMR0L                                             (abs)        000FD6
_TMR0_ISR                                          text19       00237A
_TMR0_InterruptHandler                             bssBANK0     000094
_TMR1H                                             (abs)        000FCF
_TMR1L                                             (abs)        000FCE
_TMR1_ISR                                          text18       00236E
_TMR1_InterruptHandler                             bssBANK0     000092
_TMR2                                              (abs)        000FCC
_TMR2_ISR                                          text17       002392
_TMR2_InterruptHandler                             bssBANK0     000090
_TMR3H                                             (abs)        000FB3
_TMR3L                                             (abs)        000FB2
_TMR3_ISR                                          text16       002362
_TMR3_InterruptHandler                             bssBANK0     00008E
_TRISA                                             (abs)        000F92
_TRISB                                             (abs)        000F93
_TRISC                                             (abs)        000F94
_TRISCbits                                         (abs)        000F94
_TRISD                                             (abs)        000F95
_TRISE                                             (abs)        000F96
_TXREG                                             (abs)        000FAD
_TXSTAbits                                         (abs)        000FAC
__HRAM                                             (abs)        000000
__H__absolute__                                    __absolute__ 000000
__Habs1                                            abs1         000000
__Hbank0                                           bank0        000000
__Hbank1                                           bank1        000000
__Hbank10                                          bank10       000000
__Hbank11                                          bank11       000000
__Hbank12                                          bank12       000000
__Hbank13                                          bank13       000000
__Hbank14                                          bank14       000000
__Hbank15                                          bank15       000000
__Hbank2                                           bank2        000000
__Hbank3                                           bank3        000000
__Hbank4                                           bank4        000000
__Hbank5                                           bank5        000000
__Hbank6                                           bank6        000000
__Hbank7                                           bank7        000000
__Hbank8                                           bank8        000000
__Hbank9                                           bank9        000000
__Hbigbss                                          bigbss       000000
__Hbigdata                                         bigdata      000000
__Hbigram                                          bigram       000000
__Hbigsfr                                          bigsfr       000000
__Hbss                                             bss          000000
__HbssBANK0                                        bssBANK0     000000
__HbssCOMRAM                                       bssCOMRAM    000000
__Hcinit                                           cinit        000000
__Hclrtext                                         clrtext      000000
__Hcomram                                          comram       000000
__Hconfig                                          config       30000E
__Hconst                                           const        000000
__HcstackCOMRAM                                    cstackCOMRAM 000000
__Hdata                                            data         000000
__HdataBANK0                                       dataBANK0    000000
__HdataCOMRAM                                      dataCOMRAM   000000
__Heeprom_data                                     eeprom_data  000000
__Hfarbss                                          farbss       000000
__Hfardata                                         fardata      000000
__Hheap                                            heap         000000
__Hibigdata                                        ibigdata     000000
__Hidata                                           idata        000000
__HidataBANK0                                      idataBANK0   000000
__HidataCOMRAM                                     idataCOMRAM  000000
__Hidloc                                           idloc        200008
__Hifardata                                        ifardata     000000
__Hinit                                            init         000012
__Hintcode                                         intcode      00000E
__Hintcode_body                                    intcode_body 000000
__Hintcodelo                                       intcodelo    00000E
__Hintentry                                        intentry     000000
__Hintret                                          intret       000000
__Hintsave_regs                                    intsave_regs 000000
__Hirdata                                          irdata       000000
__Hmediumconst                                     mediumconst  000000
__HnvFARRAM                                        nvFARRAM     000000
__Hnvbit                                           nvbit        000000
__Hnvrram                                          nvrram       000000
__Hparam                                           rparam       000000
__Hpowerup                                         powerup      00000E
__Hram                                             ram          000000
__Hramtop                                          ramtop       001000
__Hrbit                                            rbit         000000
__Hrbss                                            rbss         000000
__Hrdata                                           rdata        000000
__Hreset_vec                                       reset_vec    000004
__Hrparam                                          rparam       000000
__Hsfr                                             sfr          000000
__Hsivt_hi                                         sivt_hi      000000
__Hsivt_lo                                         sivt_lo      000000
__Hsmallconst                                      smallconst   001016
__Hspace_0                                         (abs)        0023D2
__Hspace_1                                         (abs)        0000CB
__Hspace_2                                         (abs)        000000
__Hspace_4                                         (abs)        60000E
__Hstack                                           stack        000000
__Hstruct                                          struct       000000
__Htemp                                            temp         00007F
__Htext                                            text         000000
__Htext0                                           text0        000000
__Htext1                                           text1        000000
__Htext10                                          text10       000000
__Htext11                                          text11       000000
__Htext12                                          text12       000000
__Htext13                                          text13       000000
__Htext14                                          text14       000000
__Htext16                                          text16       000000
__Htext17                                          text17       000000
__Htext18                                          text18       000000
__Htext19                                          text19       000000
__Htext2                                           text2        000000
__Htext20                                          text20       000000
__Htext21                                          text21       000000
__Htext22                                          text22       000000
__Htext23                                          text23       000000
__Htext24                                          text24       000000
__Htext25                                          text25       000000
__Htext26                                          text26       000000
__Htext27                                          text27       000000
__Htext28                                          text28       000000
__Htext29                                          text29       000000
__Htext3                                           text3        000000
__Htext30                                          text30       000000
__Htext31                                          text31       000000
__Htext32                                          text32       000000
__Htext33                                          text33       000000
__Htext34                                          text34       000000
__Htext4                                           text4        000000
__Htext5                                           text5        000000
__Htext6                                           text6        000000
__Htext7                                           text7        000000
__Htext8                                           text8        000000
__Htext9                                           text9        000000
__LRAM                                             (abs)        000001
__L__absolute__                                    __absolute__ 000000
__Labs1                                            abs1         000000
__Lbank0                                           bank0        000000
__Lbank1                                           bank1        000000
__Lbank10                                          bank10       000000
__Lbank11                                          bank11       000000
__Lbank12                                          bank12       000000
__Lbank13                                          bank13       000000
__Lbank14                                          bank14       000000
__Lbank15                                          bank15       000000
__Lbank2                                           bank2        000000
__Lbank3                                           bank3        000000
__Lbank4                                           bank4        000000
__Lbank5                                           bank5        000000
__Lbank6                                           bank6        000000
__Lbank7                                           bank7        000000
__Lbank8                                           bank8        000000
__Lbank9                                           bank9        000000
__Lbigbss                                          bigbss       000000
__Lbigdata                                         bigdata      000000
__Lbigram                                          bigram       000000
__Lbigsfr                                          bigsfr       000000
__Lbss                                             bss          000000
__LbssBANK0                                        bssBANK0     000000
__LbssCOMRAM                                       bssCOMRAM    000000
__Lcinit                                           cinit        000000
__Lclrtext                                         clrtext      000000
__Lcomram                                          comram       000000
__Lconfig                                          config       000000
__Lconst                                           const        000000
__LcstackCOMRAM                                    cstackCOMRAM 000000
__Ldata                                            data         000000
__LdataBANK0                                       dataBANK0    000000
__LdataCOMRAM                                      dataCOMRAM   000000
__Leeprom_data                                     eeprom_data  000000
__Lfarbss                                          farbss       000000
__Lfardata                                         fardata      000000
__Lheap                                            heap         000000
__Libigdata                                        ibigdata     000000
__Lidata                                           idata        000000
__LidataBANK0                                      idataBANK0   000000
__LidataCOMRAM                                     idataCOMRAM  000000
__Lidloc                                           idloc        000000
__Lifardata                                        ifardata     000000
__Linit                                            init         00000E
__Lintcode                                         intcode      000008
__Lintcode_body                                    intcode_body 000000
__Lintcodelo                                       intcodelo    00000E
__Lintentry                                        intentry     000000
__Lintret                                          intret       000000
__Lintsave_regs                                    intsave_regs 000000
__Lirdata                                          irdata       000000
__Lmediumconst                                     mediumconst  000000
__LnvFARRAM                                        nvFARRAM     000000
__Lnvbit                                           nvbit        000000
__Lnvrram                                          nvrram       000000
__Lparam                                           rparam       000000
__Lpowerup                                         powerup      00000E
__Lram                                             ram          000000
__Lramtop                                          ramtop       001000
__Lrbit                                            rbit         000000
__Lrbss                                            rbss         000000
__Lrdata                                           rdata        000000
__Lreset_vec                                       reset_vec    000000
__Lrparam                                          rparam       000000
__Lsfr                                             sfr          000000
__Lsivt_hi                                         sivt_hi      000000
__Lsivt_lo                                         sivt_lo      000000
__Lsmallconst                                      smallconst   001000
__Lspace_0                                         (abs)        000000
__Lspace_1                                         (abs)        000000
__Lspace_2                                         (abs)        000000
__Lspace_4                                         (abs)        000000
__Lstack                                           stack        000000
__Lstruct                                          struct       000000
__Ltemp                                            temp         00007E
__Ltext                                            text         000000
__Ltext0                                           text0        000000
__Ltext1                                           text1        000000
__Ltext10                                          text10       000000
__Ltext11                                          text11       000000
__Ltext12                                          text12       000000
__Ltext13                                          text13       000000
__Ltext14                                          text14       000000
__Ltext16                                          text16       000000
__Ltext17                                          text17       000000
__Ltext18                                          text18       000000
__Ltext19                                          text19       000000
__Ltext2                                           text2        000000
__Ltext20                                          text20       000000
__Ltext21                                          text21       000000
__Ltext22                                          text22       000000
__Ltext23                                          text23       000000
__Ltext24                                          text24       000000
__Ltext25                                          text25       000000
__Ltext26                                          text26       000000
__Ltext27                                          text27       000000
__Ltext28                                          text28       000000
__Ltext29                                          text29       000000
__Ltext3                                           text3        000000
__Ltext30                                          text30       000000
__Ltext31                                          text31       000000
__Ltext32                                          text32       000000
__Ltext33                                          text33       000000
__Ltext34                                          text34       000000
__Ltext4                                           text4        000000
__Ltext5                                           text5        000000
__Ltext6                                           text6        000000
__Ltext7                                           text7        000000
__Ltext8                                           text8        000000
__Ltext9                                           text9        000000
__S0                                               (abs)        0023D2
__S1                                               (abs)        0000CB
__S4                                               (abs)        000000
__S5                                               (abs)        000000
___fladd                                           text14       001016
___fladd@a                                         cstackCOMRAM 00002D
___fladd@aexp                                      cstackCOMRAM 000036
___fladd@b                                         cstackCOMRAM 000029
___fladd@bexp                                      cstackCOMRAM 000037
___fladd@grs                                       cstackCOMRAM 000038
___fladd@signs                                     cstackCOMRAM 000035
___fldiv                                           text13       0018DC
___fldiv@a                                         cstackCOMRAM 000014
___fldiv@aexp                                      cstackCOMRAM 000028
___fldiv@b                                         cstackCOMRAM 000010
___fldiv@bexp                                      cstackCOMRAM 000027
___fldiv@grs                                       cstackCOMRAM 000023
___fldiv@new_exp                                   cstackCOMRAM 000021
___fldiv@rem                                       cstackCOMRAM 00001C
___fldiv@sign                                      cstackCOMRAM 000020
___fltol                                           text12       001F5A
___fltol@exp1                                      cstackCOMRAM 000042
___fltol@f1                                        cstackCOMRAM 000039
___fltol@sign1                                     cstackCOMRAM 000041
___heap_hi                                         (abs)        000000
___heap_lo                                         (abs)        000000
___inthi_sp                                        stack        000000
___inthi_stack_hi                                  stack        000000
___inthi_stack_lo                                  stack        000000
___intlo_sp                                        stack        000000
___intlo_stack_hi                                  stack        000000
___intlo_stack_lo                                  stack        000000
___param_bank                                      (abs)        000000
___rparam_used                                     (abs)        000001
___sp                                              stack        000000
___stack_hi                                        stack        000000
___stack_lo                                        stack        000000
___xxtofl                                          text11       001C76
___xxtofl@arg                                      cstackCOMRAM 00000C
___xxtofl@exp                                      cstackCOMRAM 00000B
___xxtofl@sign                                     cstackCOMRAM 00000A
___xxtofl@val                                      cstackCOMRAM 000002
__accesstop                                        (abs)        000080
__activetblptr                                     (abs)        000003
__end_of_ADC_ISR                                   text34       0023CE
__end_of_CCP1_ISR                                  text33       0023CA
__end_of_CCP2_ISR                                  text32       0023C6
__end_of_EUSART_RX_ISR                             text31       0023D2
__end_of_EUSART_TX_ISR                             text30       0023C2
__end_of_I2C_Master_Mode_Clock_Configurations      text10       0020F6
__end_of_I2C_Slave_Mode_Configurations             text9        0022FA
__end_of_INT0_ISR                                  text29       0023BE
__end_of_INT1_ISR                                  text28       0023BA
__end_of_INT2_ISR                                  text27       0023B6
__end_of_InterruptManager                          intcode_body 0018DC
__end_of_MSSP_I2C_BC_ISR                           text26       0023B2
__end_of_MSSP_I2C_ISR                              text25       0023AE
__end_of_MSSP_I2C_Init                             text6        001F5A
__end_of_MSSP_I2C_Interrupt_Configurations         text8        002210
__end_of_MSSP_I2C_Master_Send_Repeated_Start       text5        0022C2
__end_of_MSSP_I2C_Master_Send_Start                text4        002290
__end_of_MSSP_I2C_Master_Send_Stop                 text3        002250
__end_of_MSSP_I2C_Mode_GPIO_CFG                    text7        0023A6
__end_of_MSSP_SPI_ISR                              text24       0023AA
__end_of_RB4_ISR                                   text23       002362
__end_of_RB5_ISR                                   text22       002348
__end_of_RB6_ISR                                   text21       00232E
__end_of_RB7_ISR                                   text20       002314
__end_of_TMR0_ISR                                  text19       002386
__end_of_TMR1_ISR                                  text18       00237A
__end_of_TMR2_ISR                                  text17       00239A
__end_of_TMR3_ISR                                  text16       00236E
__end_of___fladd                                   text14       0014D6
__end_of___fldiv                                   text13       001C76
__end_of___fltol                                   text12       002060
__end_of___xxtofl                                  text11       001E2A
__end_of__initialization                           cinit        0021C2
__end_of_application_intialize                     text1        0023A0
__end_of_btn_values                                smallconst   001011
__end_of_ecu_layer_intialize                       text2        0023D0
__end_of_main                                      text0        00216A
__initialization                                   cinit        00216A
__mediumconst                                      mediumconst  000000
__pbssBANK0                                        bssBANK0     000080
__pbssCOMRAM                                       bssCOMRAM    000049
__pcinit                                           cinit        00216A
__pcstackCOMRAM                                    cstackCOMRAM 000001
__pdataBANK0                                       dataBANK0    0000AD
__pdataCOMRAM                                      dataCOMRAM   000073
__pidataBANK0                                      idataBANK0   0022C2
__pidataCOMRAM                                     idataCOMRAM  002386
__pintcode                                         intcode      000008
__pintcode_body                                    intcode_body 0014D6
__psmallconst                                      smallconst   001000
__ptext0                                           text0        0020F6
__ptext1                                           text1        00239A
__ptext10                                          text10       002060
__ptext11                                          text11       001C76
__ptext12                                          text12       001F5A
__ptext13                                          text13       0018DC
__ptext14                                          text14       001016
__ptext16                                          text16       002362
__ptext17                                          text17       002392
__ptext18                                          text18       00236E
__ptext19                                          text19       00237A
__ptext2                                           text2        0023CE
__ptext20                                          text20       0022FA
__ptext21                                          text21       002314
__ptext22                                          text22       00232E
__ptext23                                          text23       002348
__ptext24                                          text24       0023A6
__ptext25                                          text25       0023AA
__ptext26                                          text26       0023AE
__ptext27                                          text27       0023B2
__ptext28                                          text28       0023B6
__ptext29                                          text29       0023BA
__ptext3                                           text3        002210
__ptext30                                          text30       0023BE
__ptext31                                          text31       0023D0
__ptext32                                          text32       0023C2
__ptext33                                          text33       0023C6
__ptext34                                          text34       0023CA
__ptext4                                           text4        002250
__ptext5                                           text5        002290
__ptext6                                           text6        001E2A
__ptext7                                           text7        0023A0
__ptext8                                           text8        0021CC
__ptext9                                           text9        0022E0
__ramtop                                           ramtop       001000
__smallconst                                       smallconst   001000
_application_intialize                             text1        00239A
_btn_values                                        smallconst   001001
_ecu_layer_intialize                               text2        0023CE
_i2c_obj                                           bssBANK0     00009E
_lat_registers                                     dataBANK0    0000B7
_main                                              text0        0020F6
_port_registers                                    dataBANK0    0000AD
_timer0_preload                                    bssCOMRAM    00004D
_timer1_preload                                    bssCOMRAM    00004B
_timer2_preload                                    bssCOMRAM    00006B
_timer3_preload                                    bssCOMRAM    000049
_tris_registers                                    dataBANK0    0000C1
btemp                                              temp         00007E
end_of_initialization                              cinit        0021C2
int$flags                                          temp         00007E
int_func                                           intcode_body 0014D6
intlevel0                                          text         000000
intlevel1                                          text         000000
intlevel2                                          text         000000
intlevel3                                          text         000000
isa$std                                            (abs)        000001
isa$xinst                                          (abs)        000000
led_initialize@F3026                               bssCOMRAM    000072
led_turn_off@F3036                                 bssCOMRAM    000070
led_turn_on@F3031                                  bssCOMRAM    000071
led_turn_toggle@F3041                              bssCOMRAM    00006F
relay_initialize@F3020                             bssCOMRAM    00006E
relay_turn_off@F3030                               bssCOMRAM    00006C
relay_turn_on@F3025                                bssCOMRAM    00006D
stackhi                                            (abs)        000000
stacklo                                            (abs)        000000
start                                              init         00000E
start_initialization                               cinit        00216A
ttemp5                                             temp         00007F
ttemp6                                             temp         000082
ttemp7                                             temp         000086
wtemp8                                             temp         00007F


MODULE INFORMATION

Module		Function		Class		Link	Load	Size
C:\Program Files\Microchip\xc8\v2.46\pic\sources\c99\common\fltol.c
		___fltol       		CODE           	1F5A	0000	262

C:\Program Files\Microchip\xc8\v2.46\pic\sources\c99\common\fltol.c estimated size: 262

MCAL_Layer/Timer2/hal_timr2.c
		_TMR2_ISR      		CODE           	2392	0000	8

MCAL_Layer/Timer2/hal_timr2.c estimated size: 8

MCAL_Layer/Timer0/hal_timr0.c
		_TMR0_ISR      		CODE           	237A	0000	12

MCAL_Layer/Timer0/hal_timr0.c estimated size: 12

C:\Program Files\Microchip\xc8\v2.46\pic\sources\c99\common\xxtofl.c
		___xxtofl      		CODE           	1C76	0000	436

C:\Program Files\Microchip\xc8\v2.46\pic\sources\c99\common\xxtofl.c estimated size: 436

MCAL_Layer/SPI/hal_spi.c
		_MSSP_SPI_ISR  		CODE           	23A6	0000	4

MCAL_Layer/SPI/hal_spi.c estimated size: 4

MCAL_Layer/I2C/hal_i2c.c
		_MSSP_I2C_ISR  		CODE           	23AA	0000	4
		_MSSP_I2C_Master_Send_Repeated_Start		CODE           	2290	0000	50
		_MSSP_I2C_Init 		CODE           	1E2A	0000	304
		_MSSP_I2C_Master_Send_Stop		CODE           	2210	0000	64
		_MSSP_I2C_Master_Send_Start		CODE           	2250	0000	64
		_MSSP_I2C_Interrupt_Configurations		CODE           	21CC	0000	68
		_MSSP_I2C_BC_ISR		CODE           	23AE	0000	4
		_I2C_Slave_Mode_Configurations		CODE           	22E0	0000	26
		_I2C_Master_Mode_Clock_Configurations		CODE           	2060	0000	150
		_MSSP_I2C_Mode_GPIO_CFG		CODE           	23A0	0000	6

MCAL_Layer/I2C/hal_i2c.c estimated size: 740

C:\Program Files\Microchip\xc8\v2.46\pic\sources\c99\common\sprcdiv.c
		___fldiv       		CODE           	18DC	0000	922

C:\Program Files\Microchip\xc8\v2.46\pic\sources\c99\common\sprcdiv.c estimated size: 922

MCAL_Layer/usart/hal_usart.c
		_EUSART_RX_ISR 		CODE           	23D0	0000	2
		_EUSART_TX_ISR 		CODE           	23BE	0000	4

MCAL_Layer/usart/hal_usart.c estimated size: 6

MCAL_Layer/Timer3/hal_timr3.c
		_TMR3_ISR      		CODE           	2362	0000	12

MCAL_Layer/Timer3/hal_timr3.c estimated size: 12

shared
		_btn_values    		SMALLCONST     	1001	0000	16
		__initialization		CODE           	216A	0000	88

shared estimated size: 104

MCAL_Layer/Interrupt/mcal_external_interrupt.c
		_RB4_ISR       		CODE           	2348	0000	26
		_RB5_ISR       		CODE           	232E	0000	26
		_RB6_ISR       		CODE           	2314	0000	26
		_RB7_ISR       		CODE           	22FA	0000	26
		_INT0_ISR      		CODE           	23BA	0000	4
		_INT1_ISR      		CODE           	23B6	0000	4
		_INT2_ISR      		CODE           	23B2	0000	4

MCAL_Layer/Interrupt/mcal_external_interrupt.c estimated size: 116

MCAL_Layer/ADC/hal_adc.c
		_ADC_ISR       		CODE           	23CA	0000	4

MCAL_Layer/ADC/hal_adc.c estimated size: 4

MCAL_Layer/Interrupt/mcal_interrupt_manager.c
		_InterruptManager		CODE           	0008	0000	1036

MCAL_Layer/Interrupt/mcal_interrupt_manager.c estimated size: 1036

MCAL_Layer/Timer1/hal_timr1.c
		_TMR1_ISR      		CODE           	236E	0000	12

MCAL_Layer/Timer1/hal_timr1.c estimated size: 12

C:\Program Files\Microchip\xc8\v2.46\pic\sources\c99\common\sprcadd.c
		___fladd       		CODE           	1016	0000	1216

C:\Program Files\Microchip\xc8\v2.46\pic\sources\c99\common\sprcadd.c estimated size: 1216

ECU_Layer/ecu_layer_init.c
		_ecu_layer_intialize		CODE           	23CE	0000	2

ECU_Layer/ecu_layer_init.c estimated size: 2

application.c
		_main          		CODE           	20F6	0000	116
		_application_intialize		CODE           	239A	0000	6

application.c estimated size: 122

MCAL_Layer/CCP/hal_ccp.c
		_CCP1_ISR      		CODE           	23C6	0000	4
		_CCP2_ISR      		CODE           	23C2	0000	4

MCAL_Layer/CCP/hal_ccp.c estimated size: 8

